﻿  Determinando los proyectos que se van a restaurar...
  Todos los proyectos est├ín actualizados para la restauraci├│n.
  CursosAPI.Domain -> C:\Users\Najera\Desktop\CursosAPI\CursosAPI.Domain\bin\Debug\net9.0\CursosAPI.Domain.dll
C:\Users\Najera\Desktop\CursosAPI\CursosAPI.Infrastructure\Repositories\DbConnectionFactory.cs(3,28): error CS0234: El tipo o el nombre del espacio de nombres 'Configuration' no existe en el espacio de nombres 'Microsoft.Extensions' (┬┐falta alguna referencia de ensamblado?) [C:\Users\Najera\Desktop\CursosAPI\CursosAPI.Infrastructure\CursosAPI.Infrastructure.csproj]
C:\Users\Najera\Desktop\CursosAPI\CursosAPI.Infrastructure\Repositories\DbConnectionFactory.cs(16,32): error CS0246: El nombre del tipo o del espacio de nombres 'IConfiguration' no se encontr├│ (┬┐falta una directiva using o una referencia de ensamblado?) [C:\Users\Najera\Desktop\CursosAPI\CursosAPI.Infrastructure\CursosAPI.Infrastructure.csproj]
C:\Users\Najera\Desktop\CursosAPI\CursosAPI\Controllers\AuthController.cs(1,17): error CS0234: El tipo o el nombre del espacio de nombres 'Domain' no existe en el espacio de nombres 'CursosAPI' (┬┐falta alguna referencia de ensamblado?) [C:\Users\Najera\Desktop\CursosAPI\CursosAPI\CursosAPI.csproj]
C:\Users\Najera\Desktop\CursosAPI\CursosAPI\Controllers\AuthController.cs(2,17): error CS0234: El tipo o el nombre del espacio de nombres 'Service' no existe en el espacio de nombres 'CursosAPI' (┬┐falta alguna referencia de ensamblado?) [C:\Users\Najera\Desktop\CursosAPI\CursosAPI\CursosAPI.csproj]
C:\Users\Najera\Desktop\CursosAPI\CursosAPI\Controllers\CursosController.cs(1,17): error CS0234: El tipo o el nombre del espacio de nombres 'Domain' no existe en el espacio de nombres 'CursosAPI' (┬┐falta alguna referencia de ensamblado?) [C:\Users\Najera\Desktop\CursosAPI\CursosAPI\CursosAPI.csproj]
C:\Users\Najera\Desktop\CursosAPI\CursosAPI\Controllers\CursosController.cs(2,17): error CS0234: El tipo o el nombre del espacio de nombres 'Domain' no existe en el espacio de nombres 'CursosAPI' (┬┐falta alguna referencia de ensamblado?) [C:\Users\Najera\Desktop\CursosAPI\CursosAPI\CursosAPI.csproj]
C:\Users\Najera\Desktop\CursosAPI\CursosAPI\Controllers\CursosController.cs(3,17): error CS0234: El tipo o el nombre del espacio de nombres 'Service' no existe en el espacio de nombres 'CursosAPI' (┬┐falta alguna referencia de ensamblado?) [C:\Users\Najera\Desktop\CursosAPI\CursosAPI\CursosAPI.csproj]
C:\Users\Najera\Desktop\CursosAPI\CursosAPI\Controllers\InstructoresController.cs(1,17): error CS0234: El tipo o el nombre del espacio de nombres 'Domain' no existe en el espacio de nombres 'CursosAPI' (┬┐falta alguna referencia de ensamblado?) [C:\Users\Najera\Desktop\CursosAPI\CursosAPI\CursosAPI.csproj]
C:\Users\Najera\Desktop\CursosAPI\CursosAPI\Controllers\InstructoresController.cs(2,17): error CS0234: El tipo o el nombre del espacio de nombres 'Domain' no existe en el espacio de nombres 'CursosAPI' (┬┐falta alguna referencia de ensamblado?) [C:\Users\Najera\Desktop\CursosAPI\CursosAPI\CursosAPI.csproj]
C:\Users\Najera\Desktop\CursosAPI\CursosAPI\Controllers\InstructoresController.cs(3,17): error CS0234: El tipo o el nombre del espacio de nombres 'Service' no existe en el espacio de nombres 'CursosAPI' (┬┐falta alguna referencia de ensamblado?) [C:\Users\Najera\Desktop\CursosAPI\CursosAPI\CursosAPI.csproj]
C:\Users\Najera\Desktop\CursosAPI\CursosAPI\Controllers\ReportesController.cs(1,17): error CS0234: El tipo o el nombre del espacio de nombres 'Domain' no existe en el espacio de nombres 'CursosAPI' (┬┐falta alguna referencia de ensamblado?) [C:\Users\Najera\Desktop\CursosAPI\CursosAPI\CursosAPI.csproj]
C:\Users\Najera\Desktop\CursosAPI\CursosAPI\Controllers\ReportesController.cs(2,17): error CS0234: El tipo o el nombre del espacio de nombres 'Service' no existe en el espacio de nombres 'CursosAPI' (┬┐falta alguna referencia de ensamblado?) [C:\Users\Najera\Desktop\CursosAPI\CursosAPI\CursosAPI.csproj]
C:\Users\Najera\Desktop\CursosAPI\CursosAPI\Middlewares\ExceptionMiddleware.cs(3,17): error CS0234: El tipo o el nombre del espacio de nombres 'Domain' no existe en el espacio de nombres 'CursosAPI' (┬┐falta alguna referencia de ensamblado?) [C:\Users\Najera\Desktop\CursosAPI\CursosAPI\CursosAPI.csproj]
C:\Users\Najera\Desktop\CursosAPI\CursosAPI\Program.cs(1,17): error CS0234: El tipo o el nombre del espacio de nombres 'Domain' no existe en el espacio de nombres 'CursosAPI' (┬┐falta alguna referencia de ensamblado?) [C:\Users\Najera\Desktop\CursosAPI\CursosAPI\CursosAPI.csproj]
C:\Users\Najera\Desktop\CursosAPI\CursosAPI\Program.cs(2,17): error CS0234: El tipo o el nombre del espacio de nombres 'Infrastructure' no existe en el espacio de nombres 'CursosAPI' (┬┐falta alguna referencia de ensamblado?) [C:\Users\Najera\Desktop\CursosAPI\CursosAPI\CursosAPI.csproj]
C:\Users\Najera\Desktop\CursosAPI\CursosAPI\Program.cs(4,17): error CS0234: El tipo o el nombre del espacio de nombres 'Service' no existe en el espacio de nombres 'CursosAPI' (┬┐falta alguna referencia de ensamblado?) [C:\Users\Najera\Desktop\CursosAPI\CursosAPI\CursosAPI.csproj]
C:\Users\Najera\Desktop\CursosAPI\CursosAPI\Program.cs(5,17): error CS0234: El tipo o el nombre del espacio de nombres 'Service' no existe en el espacio de nombres 'CursosAPI' (┬┐falta alguna referencia de ensamblado?) [C:\Users\Najera\Desktop\CursosAPI\CursosAPI\CursosAPI.csproj]
C:\Users\Najera\Desktop\CursosAPI\CursosAPI\Program.cs(6,17): error CS0234: El tipo o el nombre del espacio de nombres 'Service' no existe en el espacio de nombres 'CursosAPI' (┬┐falta alguna referencia de ensamblado?) [C:\Users\Najera\Desktop\CursosAPI\CursosAPI\CursosAPI.csproj]
C:\Users\Najera\Desktop\CursosAPI\CursosAPI\Program.cs(7,7): error CS0246: El nombre del tipo o del espacio de nombres 'FluentValidation' no se encontr├│ (┬┐falta una directiva using o una referencia de ensamblado?) [C:\Users\Najera\Desktop\CursosAPI\CursosAPI\CursosAPI.csproj]
C:\Users\Najera\Desktop\CursosAPI\CursosAPI\Program.cs(8,43): error CS0234: El tipo o el nombre del espacio de nombres 'JwtBearer' no existe en el espacio de nombres 'Microsoft.AspNetCore.Authentication' (┬┐falta alguna referencia de ensamblado?) [C:\Users\Najera\Desktop\CursosAPI\CursosAPI\CursosAPI.csproj]
C:\Users\Najera\Desktop\CursosAPI\CursosAPI\Controllers\AuthController.cs(21,55): error CS0246: El nombre del tipo o del espacio de nombres 'LoginRequestDTO' no se encontr├│ (┬┐falta una directiva using o una referencia de ensamblado?) [C:\Users\Najera\Desktop\CursosAPI\CursosAPI\CursosAPI.csproj]
C:\Users\Najera\Desktop\CursosAPI\CursosAPI\Controllers\AuthController.cs(12,22): error CS0246: El nombre del tipo o del espacio de nombres 'IAuthService' no se encontr├│ (┬┐falta una directiva using o una referencia de ensamblado?) [C:\Users\Najera\Desktop\CursosAPI\CursosAPI\CursosAPI.csproj]
C:\Users\Najera\Desktop\CursosAPI\CursosAPI\Controllers\CursosController.cs(39,54): error CS0246: El nombre del tipo o del espacio de nombres 'Curso' no se encontr├│ (┬┐falta una directiva using o una referencia de ensamblado?) [C:\Users\Najera\Desktop\CursosAPI\CursosAPI\CursosAPI.csproj]
C:\Users\Najera\Desktop\CursosAPI\CursosAPI\Controllers\CursosController.cs(48,61): error CS0246: El nombre del tipo o del espacio de nombres 'Curso' no se encontr├│ (┬┐falta una directiva using o una referencia de ensamblado?) [C:\Users\Najera\Desktop\CursosAPI\CursosAPI\CursosAPI.csproj]
C:\Users\Najera\Desktop\CursosAPI\CursosAPI\Controllers\AuthController.cs(14,27): error CS0246: El nombre del tipo o del espacio de nombres 'IAuthService' no se encontr├│ (┬┐falta una directiva using o una referencia de ensamblado?) [C:\Users\Najera\Desktop\CursosAPI\CursosAPI\CursosAPI.csproj]
C:\Users\Najera\Desktop\CursosAPI\CursosAPI\Controllers\CursosController.cs(14,22): error CS0246: El nombre del tipo o del espacio de nombres 'ICursoService' no se encontr├│ (┬┐falta una directiva using o una referencia de ensamblado?) [C:\Users\Najera\Desktop\CursosAPI\CursosAPI\CursosAPI.csproj]
C:\Users\Najera\Desktop\CursosAPI\CursosAPI\Controllers\CursosController.cs(16,29): error CS0246: El nombre del tipo o del espacio de nombres 'ICursoService' no se encontr├│ (┬┐falta una directiva using o una referencia de ensamblado?) [C:\Users\Najera\Desktop\CursosAPI\CursosAPI\CursosAPI.csproj]
C:\Users\Najera\Desktop\CursosAPI\CursosAPI\Controllers\InstructoresController.cs(38,54): error CS0246: El nombre del tipo o del espacio de nombres 'Instructor' no se encontr├│ (┬┐falta una directiva using o una referencia de ensamblado?) [C:\Users\Najera\Desktop\CursosAPI\CursosAPI\CursosAPI.csproj]
C:\Users\Najera\Desktop\CursosAPI\CursosAPI\Controllers\ReportesController.cs(13,22): error CS0246: El nombre del tipo o del espacio de nombres 'IReporteService' no se encontr├│ (┬┐falta una directiva using o una referencia de ensamblado?) [C:\Users\Najera\Desktop\CursosAPI\CursosAPI\CursosAPI.csproj]
C:\Users\Najera\Desktop\CursosAPI\CursosAPI\Controllers\InstructoresController.cs(47,61): error CS0246: El nombre del tipo o del espacio de nombres 'Instructor' no se encontr├│ (┬┐falta una directiva using o una referencia de ensamblado?) [C:\Users\Najera\Desktop\CursosAPI\CursosAPI\CursosAPI.csproj]
C:\Users\Najera\Desktop\CursosAPI\CursosAPI\Controllers\ReportesController.cs(15,31): error CS0246: El nombre del tipo o del espacio de nombres 'IReporteService' no se encontr├│ (┬┐falta una directiva using o una referencia de ensamblado?) [C:\Users\Najera\Desktop\CursosAPI\CursosAPI\CursosAPI.csproj]
C:\Users\Najera\Desktop\CursosAPI\CursosAPI\Controllers\InstructoresController.cs(14,22): error CS0246: El nombre del tipo o del espacio de nombres 'IInstructorService' no se encontr├│ (┬┐falta una directiva using o una referencia de ensamblado?) [C:\Users\Najera\Desktop\CursosAPI\CursosAPI\CursosAPI.csproj]
C:\Users\Najera\Desktop\CursosAPI\CursosAPI\Controllers\InstructoresController.cs(16,35): error CS0246: El nombre del tipo o del espacio de nombres 'IInstructorService' no se encontr├│ (┬┐falta una directiva using o una referencia de ensamblado?) [C:\Users\Najera\Desktop\CursosAPI\CursosAPI\CursosAPI.csproj]

ERROR al compilar.

C:\Users\Najera\Desktop\CursosAPI\CursosAPI.Infrastructure\Repositories\DbConnectionFactory.cs(3,28): error CS0234: El tipo o el nombre del espacio de nombres 'Configuration' no existe en el espacio de nombres 'Microsoft.Extensions' (┬┐falta alguna referencia de ensamblado?) [C:\Users\Najera\Desktop\CursosAPI\CursosAPI.Infrastructure\CursosAPI.Infrastructure.csproj]
C:\Users\Najera\Desktop\CursosAPI\CursosAPI.Infrastructure\Repositories\DbConnectionFactory.cs(16,32): error CS0246: El nombre del tipo o del espacio de nombres 'IConfiguration' no se encontr├│ (┬┐falta una directiva using o una referencia de ensamblado?) [C:\Users\Najera\Desktop\CursosAPI\CursosAPI.Infrastructure\CursosAPI.Infrastructure.csproj]
C:\Users\Najera\Desktop\CursosAPI\CursosAPI\Controllers\AuthController.cs(1,17): error CS0234: El tipo o el nombre del espacio de nombres 'Domain' no existe en el espacio de nombres 'CursosAPI' (┬┐falta alguna referencia de ensamblado?) [C:\Users\Najera\Desktop\CursosAPI\CursosAPI\CursosAPI.csproj]
C:\Users\Najera\Desktop\CursosAPI\CursosAPI\Controllers\AuthController.cs(2,17): error CS0234: El tipo o el nombre del espacio de nombres 'Service' no existe en el espacio de nombres 'CursosAPI' (┬┐falta alguna referencia de ensamblado?) [C:\Users\Najera\Desktop\CursosAPI\CursosAPI\CursosAPI.csproj]
C:\Users\Najera\Desktop\CursosAPI\CursosAPI\Controllers\CursosController.cs(1,17): error CS0234: El tipo o el nombre del espacio de nombres 'Domain' no existe en el espacio de nombres 'CursosAPI' (┬┐falta alguna referencia de ensamblado?) [C:\Users\Najera\Desktop\CursosAPI\CursosAPI\CursosAPI.csproj]
C:\Users\Najera\Desktop\CursosAPI\CursosAPI\Controllers\CursosController.cs(2,17): error CS0234: El tipo o el nombre del espacio de nombres 'Domain' no existe en el espacio de nombres 'CursosAPI' (┬┐falta alguna referencia de ensamblado?) [C:\Users\Najera\Desktop\CursosAPI\CursosAPI\CursosAPI.csproj]
C:\Users\Najera\Desktop\CursosAPI\CursosAPI\Controllers\CursosController.cs(3,17): error CS0234: El tipo o el nombre del espacio de nombres 'Service' no existe en el espacio de nombres 'CursosAPI' (┬┐falta alguna referencia de ensamblado?) [C:\Users\Najera\Desktop\CursosAPI\CursosAPI\CursosAPI.csproj]
C:\Users\Najera\Desktop\CursosAPI\CursosAPI\Controllers\InstructoresController.cs(1,17): error CS0234: El tipo o el nombre del espacio de nombres 'Domain' no existe en el espacio de nombres 'CursosAPI' (┬┐falta alguna referencia de ensamblado?) [C:\Users\Najera\Desktop\CursosAPI\CursosAPI\CursosAPI.csproj]
C:\Users\Najera\Desktop\CursosAPI\CursosAPI\Controllers\InstructoresController.cs(2,17): error CS0234: El tipo o el nombre del espacio de nombres 'Domain' no existe en el espacio de nombres 'CursosAPI' (┬┐falta alguna referencia de ensamblado?) [C:\Users\Najera\Desktop\CursosAPI\CursosAPI\CursosAPI.csproj]
C:\Users\Najera\Desktop\CursosAPI\CursosAPI\Controllers\InstructoresController.cs(3,17): error CS0234: El tipo o el nombre del espacio de nombres 'Service' no existe en el espacio de nombres 'CursosAPI' (┬┐falta alguna referencia de ensamblado?) [C:\Users\Najera\Desktop\CursosAPI\CursosAPI\CursosAPI.csproj]
C:\Users\Najera\Desktop\CursosAPI\CursosAPI\Controllers\ReportesController.cs(1,17): error CS0234: El tipo o el nombre del espacio de nombres 'Domain' no existe en el espacio de nombres 'CursosAPI' (┬┐falta alguna referencia de ensamblado?) [C:\Users\Najera\Desktop\CursosAPI\CursosAPI\CursosAPI.csproj]
C:\Users\Najera\Desktop\CursosAPI\CursosAPI\Controllers\ReportesController.cs(2,17): error CS0234: El tipo o el nombre del espacio de nombres 'Service' no existe en el espacio de nombres 'CursosAPI' (┬┐falta alguna referencia de ensamblado?) [C:\Users\Najera\Desktop\CursosAPI\CursosAPI\CursosAPI.csproj]
C:\Users\Najera\Desktop\CursosAPI\CursosAPI\Middlewares\ExceptionMiddleware.cs(3,17): error CS0234: El tipo o el nombre del espacio de nombres 'Domain' no existe en el espacio de nombres 'CursosAPI' (┬┐falta alguna referencia de ensamblado?) [C:\Users\Najera\Desktop\CursosAPI\CursosAPI\CursosAPI.csproj]
C:\Users\Najera\Desktop\CursosAPI\CursosAPI\Program.cs(1,17): error CS0234: El tipo o el nombre del espacio de nombres 'Domain' no existe en el espacio de nombres 'CursosAPI' (┬┐falta alguna referencia de ensamblado?) [C:\Users\Najera\Desktop\CursosAPI\CursosAPI\CursosAPI.csproj]
C:\Users\Najera\Desktop\CursosAPI\CursosAPI\Program.cs(2,17): error CS0234: El tipo o el nombre del espacio de nombres 'Infrastructure' no existe en el espacio de nombres 'CursosAPI' (┬┐falta alguna referencia de ensamblado?) [C:\Users\Najera\Desktop\CursosAPI\CursosAPI\CursosAPI.csproj]
C:\Users\Najera\Desktop\CursosAPI\CursosAPI\Program.cs(4,17): error CS0234: El tipo o el nombre del espacio de nombres 'Service' no existe en el espacio de nombres 'CursosAPI' (┬┐falta alguna referencia de ensamblado?) [C:\Users\Najera\Desktop\CursosAPI\CursosAPI\CursosAPI.csproj]
C:\Users\Najera\Desktop\CursosAPI\CursosAPI\Program.cs(5,17): error CS0234: El tipo o el nombre del espacio de nombres 'Service' no existe en el espacio de nombres 'CursosAPI' (┬┐falta alguna referencia de ensamblado?) [C:\Users\Najera\Desktop\CursosAPI\CursosAPI\CursosAPI.csproj]
C:\Users\Najera\Desktop\CursosAPI\CursosAPI\Program.cs(6,17): error CS0234: El tipo o el nombre del espacio de nombres 'Service' no existe en el espacio de nombres 'CursosAPI' (┬┐falta alguna referencia de ensamblado?) [C:\Users\Najera\Desktop\CursosAPI\CursosAPI\CursosAPI.csproj]
C:\Users\Najera\Desktop\CursosAPI\CursosAPI\Program.cs(7,7): error CS0246: El nombre del tipo o del espacio de nombres 'FluentValidation' no se encontr├│ (┬┐falta una directiva using o una referencia de ensamblado?) [C:\Users\Najera\Desktop\CursosAPI\CursosAPI\CursosAPI.csproj]
C:\Users\Najera\Desktop\CursosAPI\CursosAPI\Program.cs(8,43): error CS0234: El tipo o el nombre del espacio de nombres 'JwtBearer' no existe en el espacio de nombres 'Microsoft.AspNetCore.Authentication' (┬┐falta alguna referencia de ensamblado?) [C:\Users\Najera\Desktop\CursosAPI\CursosAPI\CursosAPI.csproj]
C:\Users\Najera\Desktop\CursosAPI\CursosAPI\Controllers\AuthController.cs(21,55): error CS0246: El nombre del tipo o del espacio de nombres 'LoginRequestDTO' no se encontr├│ (┬┐falta una directiva using o una referencia de ensamblado?) [C:\Users\Najera\Desktop\CursosAPI\CursosAPI\CursosAPI.csproj]
C:\Users\Najera\Desktop\CursosAPI\CursosAPI\Controllers\AuthController.cs(12,22): error CS0246: El nombre del tipo o del espacio de nombres 'IAuthService' no se encontr├│ (┬┐falta una directiva using o una referencia de ensamblado?) [C:\Users\Najera\Desktop\CursosAPI\CursosAPI\CursosAPI.csproj]
C:\Users\Najera\Desktop\CursosAPI\CursosAPI\Controllers\CursosController.cs(39,54): error CS0246: El nombre del tipo o del espacio de nombres 'Curso' no se encontr├│ (┬┐falta una directiva using o una referencia de ensamblado?) [C:\Users\Najera\Desktop\CursosAPI\CursosAPI\CursosAPI.csproj]
C:\Users\Najera\Desktop\CursosAPI\CursosAPI\Controllers\CursosController.cs(48,61): error CS0246: El nombre del tipo o del espacio de nombres 'Curso' no se encontr├│ (┬┐falta una directiva using o una referencia de ensamblado?) [C:\Users\Najera\Desktop\CursosAPI\CursosAPI\CursosAPI.csproj]
C:\Users\Najera\Desktop\CursosAPI\CursosAPI\Controllers\AuthController.cs(14,27): error CS0246: El nombre del tipo o del espacio de nombres 'IAuthService' no se encontr├│ (┬┐falta una directiva using o una referencia de ensamblado?) [C:\Users\Najera\Desktop\CursosAPI\CursosAPI\CursosAPI.csproj]
C:\Users\Najera\Desktop\CursosAPI\CursosAPI\Controllers\CursosController.cs(14,22): error CS0246: El nombre del tipo o del espacio de nombres 'ICursoService' no se encontr├│ (┬┐falta una directiva using o una referencia de ensamblado?) [C:\Users\Najera\Desktop\CursosAPI\CursosAPI\CursosAPI.csproj]
C:\Users\Najera\Desktop\CursosAPI\CursosAPI\Controllers\CursosController.cs(16,29): error CS0246: El nombre del tipo o del espacio de nombres 'ICursoService' no se encontr├│ (┬┐falta una directiva using o una referencia de ensamblado?) [C:\Users\Najera\Desktop\CursosAPI\CursosAPI\CursosAPI.csproj]
C:\Users\Najera\Desktop\CursosAPI\CursosAPI\Controllers\InstructoresController.cs(38,54): error CS0246: El nombre del tipo o del espacio de nombres 'Instructor' no se encontr├│ (┬┐falta una directiva using o una referencia de ensamblado?) [C:\Users\Najera\Desktop\CursosAPI\CursosAPI\CursosAPI.csproj]
C:\Users\Najera\Desktop\CursosAPI\CursosAPI\Controllers\ReportesController.cs(13,22): error CS0246: El nombre del tipo o del espacio de nombres 'IReporteService' no se encontr├│ (┬┐falta una directiva using o una referencia de ensamblado?) [C:\Users\Najera\Desktop\CursosAPI\CursosAPI\CursosAPI.csproj]
C:\Users\Najera\Desktop\CursosAPI\CursosAPI\Controllers\InstructoresController.cs(47,61): error CS0246: El nombre del tipo o del espacio de nombres 'Instructor' no se encontr├│ (┬┐falta una directiva using o una referencia de ensamblado?) [C:\Users\Najera\Desktop\CursosAPI\CursosAPI\CursosAPI.csproj]
C:\Users\Najera\Desktop\CursosAPI\CursosAPI\Controllers\ReportesController.cs(15,31): error CS0246: El nombre del tipo o del espacio de nombres 'IReporteService' no se encontr├│ (┬┐falta una directiva using o una referencia de ensamblado?) [C:\Users\Najera\Desktop\CursosAPI\CursosAPI\CursosAPI.csproj]
C:\Users\Najera\Desktop\CursosAPI\CursosAPI\Controllers\InstructoresController.cs(14,22): error CS0246: El nombre del tipo o del espacio de nombres 'IInstructorService' no se encontr├│ (┬┐falta una directiva using o una referencia de ensamblado?) [C:\Users\Najera\Desktop\CursosAPI\CursosAPI\CursosAPI.csproj]
C:\Users\Najera\Desktop\CursosAPI\CursosAPI\Controllers\InstructoresController.cs(16,35): error CS0246: El nombre del tipo o del espacio de nombres 'IInstructorService' no se encontr├│ (┬┐falta una directiva using o una referencia de ensamblado?) [C:\Users\Najera\Desktop\CursosAPI\CursosAPI\CursosAPI.csproj]
    0 Advertencia(s)
    33 Errores

Tiempo transcurrido 00:00:02.36

Hay actualizaciones de carga de trabajo disponibles. Ejecute "dotnet workload list" para obtener m├ís informaci├│n.
